\BOOKMARK [1][-]{section.1}{Introduction}{}% 1
\BOOKMARK [2][-]{subsection.1.1}{Physical Motivation}{section.1}% 2
\BOOKMARK [2][-]{subsection.1.2}{Scope of This Code}{section.1}% 3
\BOOKMARK [2][-]{subsection.1.3}{Manual Organization}{section.1}% 4
\BOOKMARK [1][-]{section.2}{Theoretical Framework}{}% 5
\BOOKMARK [2][-]{subsection.2.1}{Axion Physics and the Superradiance Instability}{section.2}% 6
\BOOKMARK [2][-]{subsection.2.2}{The Teukolsky Equation and Quasi-bound States}{section.2}% 7
\BOOKMARK [2][-]{subsection.2.3}{Quantum State Evolution}{section.2}% 8
\BOOKMARK [2][-]{subsection.2.4}{Computational Equations}{section.2}% 9
\BOOKMARK [2][-]{subsection.2.5}{Rate Coefficients}{section.2}% 10
\BOOKMARK [2][-]{subsection.2.6}{Astrophysical Observables and Constraints}{section.2}% 11
\BOOKMARK [1][-]{section.3}{Computational Methods}{}% 12
\BOOKMARK [2][-]{subsection.3.1}{Eigenvalue Computation}{section.3}% 13
\BOOKMARK [2][-]{subsection.3.2}{Rate Coefficient Computation}{section.3}% 14
\BOOKMARK [2][-]{subsection.3.3}{Time Integration}{section.3}% 15
\BOOKMARK [2][-]{subsection.3.4}{Statistical Inference}{section.3}% 16
\BOOKMARK [2][-]{subsection.3.5}{Computational Complexity and Performance}{section.3}% 17
\BOOKMARK [1][-]{section.4}{User Guide and API Reference}{}% 18
\BOOKMARK [2][-]{subsection.4.1}{Installation}{section.4}% 19
\BOOKMARK [2][-]{subsection.4.2}{Core API}{section.4}% 20
\BOOKMARK [2][-]{subsection.4.3}{Common Workflows}{section.4}% 21
\BOOKMARK [2][-]{subsection.4.4}{Advanced API}{section.4}% 22
\BOOKMARK [2][-]{subsection.4.5}{Configuration and Data Files}{section.4}% 23
\BOOKMARK [2][-]{subsection.4.6}{Visualization and Plotting}{section.4}% 24
\BOOKMARK [2][-]{subsection.4.7}{Performance Tips}{section.4}% 25
\BOOKMARK [2][-]{subsection.4.8}{Troubleshooting}{section.4}% 26
\BOOKMARK [1][-]{section.5}{Worked Examples}{}% 27
\BOOKMARK [2][-]{subsection.5.1}{Example 1: Spin Prediction for Cygnus X-1}{section.5}% 28
\BOOKMARK [2][-]{subsection.5.2}{Example 2: Constraint Derivation from X-ray Binary Population}{section.5}% 29
\BOOKMARK [2][-]{subsection.5.3}{Example 3: MCMC Bayesian Inference}{section.5}% 30
\BOOKMARK [2][-]{subsection.5.4}{Example 4: Spin Profiles and Bosenova Signatures}{section.5}% 31
\BOOKMARK [2][-]{subsection.5.5}{Example 5: Sensitivity Analysis}{section.5}% 32
\BOOKMARK [2][-]{subsection.5.6}{Summary of Examples}{section.5}% 33
\BOOKMARK [1][-]{section*.4}{Appendix A: Mathematical Details}{}% 34
\BOOKMARK [1][-]{section*.19}{Appendix B: Rate Table Structure and Format}{}% 35
\BOOKMARK [1][-]{section*.33}{Appendix C: Troubleshooting and FAQs}{}% 36
